77.77.74.169 - - [23/Jan/2019:00:00:00 +0330] "GET /site/alexaGooleAnalitic HTTP/1.1" 200 323 "https://www.zanbil.ir/browse/digital-supplies/%D9%84%D9%88%D8%A7%D8%B2%D9%85-%D8%AF%DB%8C%D8%AC%DB%8C%D8%AA%D8%A7%D9%84" "Mozilla/5.0 (Windows NT 6.3; Win64; x64; rv:64.0) Gecko/20100101 Firefox/64.0" "-"
77.77.74.169 - - [23/Jan/2019:00:00:00 +0330] "GET /image/111/brand HTTP/1.1" 200 2503 "https://www.zanbil.ir/browse/digital-supplies/%D9%84%D9%88%D8%A7%D8%B2%D9%85-%D8%AF%DB%8C%D8%AC%DB%8C%D8%AA%D8%A7%D9%84" "Mozilla/5.0 (Windows NT 6.3; Win64; x64; rv:64.0) Gecko/20100101 Firefox/64.0" "-"
77.77.74.169 - - [23/Jan/2019:00:00:00 +0330] "GET /image/123/brand HTTP/1.1" 200 3314 "https://www.zanbil.ir/browse/digital-supplies/%D9%84%D9%88%D8%A7%D8%B2%D9%85-%D8%AF%DB%8C%D8%AC%DB%8C%D8%AA%D8%A7%D9%84" "Mozilla/5.0 (Windows NT 6.3; Win64; x64; rv:64.0) Gecko/20100101 Firefox/64.0" "-"
77.77.74.169 - - [23/Jan/2019:00:00:00 +0330] "GET /image/120/brand HTTP/1.1" 200 2116 "https://www.zanbil.ir/browse/digital-supplies/%D9%84%D9%88%D8%A7%D8%B2%D9%85-%D8%AF%DB%8C%D8%AC%DB%8C%D8%AA%D8%A7%D9%84" "Mozilla/5.0 (Windows NT 6.3; Win64; x64; rv:64.0) Gecko/20100101 Firefox/64.0" "-"
77.77.74.169 - - [23/Jan/2019:00:00:00 +0330] "GET /image/650/brand HTTP/1.1" 200 2847 "https://www.zanbil.ir/browse/digital-supplies/%D9%84%D9%88%D8%A7%D8%B2%D9%85-%D8%AF%DB%8C%D8%AC%DB%8C%D8%AA%D8%A7%D9%84" "Mozilla/5.0 (Windows NT 6.3; Win64; x64; rv:64.0) Gecko/20100101 Firefox/64.0" "-"
77.77.74.169 - - [23/Jan/2019:00:00:00 +0330] "GET /image/898/brand HTTP/1.1" 200 3906 "https://www.zanbil.ir/browse/digital-supplies/%D9%84%D9%88%D8%A7%D8%B2%D9%85-%D8%AF%DB%8C%D8%AC%DB%8C%D8%AA%D8%A7%D9%84" "Mozilla/5.0 (Windows NT 6.3; Win64; x64; rv:64.0) Gecko/20100101 Firefox/64.0" "-"
77.77.74.169 - - [23/Jan/2019:00:00:00 +0330] "GET /image/83/brand HTTP/1.1" 200 2809 "https://www.zanbil.ir/browse/digital-supplies/%D9%84%D9%88%D8%A7%D8%B2%D9%85-%D8%AF%DB%8C%D8%AC%DB%8C%D8%AA%D8%A7%D9%84" "Mozilla/5.0 (Windows NT 6.3; Win64; x64; rv:64.0) Gecko/20100101 Firefox/64.0" "-"
77.77.74.169 - - [23/Jan/2019:00:00:00 +0330] "GET /image/175/brand HTTP/1.1" 200 2322 "https://www.zanbil.ir/browse/digital-supplies/%D9%84%D9%88%D8%A7%D8%B2%D9%85-%D8%AF%DB%8C%D8%AC%DB%8C%D8%AA%D8%A7%D9%84" "Mozilla/5.0 (Windows NT 6.3; Win64; x64; rv:64.0) Gecko/20100101 Firefox/64.0" "-"
77.77.74.169 - - [23/Jan/2019:00:00:00 +0330] "GET /image/652/brand HTTP/1.1" 200 2876 "https://www.zanbil.ir/browse/digital-supplies/%D9%84%D9%88%D8%A7%D8%B2%D9%85-%D8%AF%DB%8C%D8%AC%DB%8C%D8%AA%D8%A7%D9%84" "Mozilla/5.0 (Windows NT 6.3; Win64; x64; rv:64.0) Gecko/20100101 Firefox/64.0" "-"
77.77.74.169 - - [23/Jan/2019:00:00:00 +0330] "GET /image/57/brand HTTP/1.1" 200 2878 "https://www.zanbil.ir/browse/digital-supplies/%D9%84%D9%88%D8%A7%D8%B2%D9%85-%D8%AF%DB%8C%D8%AC%DB%8C%D8%AA%D8%A7%D9%84" "Mozilla/5.0 (Windows NT 6.3; Win64; x64; rv:64.0) Gecko/20100101 Firefox/64.0" "-"
77.77.74.169 - - [23/Jan/2019:00:00:00 +0330] "GET /image/517/brand HTTP/1.1" 200 2063 "https://www.zanbil.ir/browse/digital-supplies/%D9%84%D9%88%D8%A7%D8%B2%D9%85-%D8%AF%DB%8C%D8%AC%DB%8C%D8%AA%D8%A7%D9%84" "Mozilla/5.0 (Windows NT 6.3; Win64; x64; rv:64.0) Gecko/20100101 Firefox/64.0" "-"
77.77.74.169 - - [23/Jan/2019:00:00:00 +0330] "GET /image/114/brand HTTP/1.1" 200 2112 "https://www.zanbil.ir/browse/digital-supplies/%D9%84%D9%88%D8%A7%D8%B2%D9%85-%D8%AF%DB%8C%D8%AC%DB%8C%D8%AA%D8%A7%D9%84" "Mozilla/5.0 (Windows NT 6.3; Win64; x64; rv:64.0) Gecko/20100101 Firefox/64.0" "-"
46.224.175.229 - - [23/Jan/2019:00:00:00 +0330] "GET /image/1194/article/100x100 HTTP/1.1" 200 10421 "https://www.zanbil.ir/" "Mozilla/5.0 (Windows NT 5.1) AppleWebKit/537.36 (KHTML, like Gecko) Chrome/49.0.2623.112 Safari/537.36" "-"
46.224.175.229 - - [23/Jan/2019:00:00:00 +0330] "GET /image/1193/article/100x100 HTTP/1.1" 200 19086 "https://www.zanbil.ir/" "Mozilla/5.0 (Windows NT 5.1) AppleWebKit/537.36 (KHTML, like Gecko) Chrome/49.0.2623.112 Safari/537.36" "-"
5.126.211.118 - - [23/Jan/2019:00:00:00 +0330] "GET /image/21582?name=15.jpg&wh=300x300 HTTP/1.1" 200 12281 "https://www.google.com/blank.html" "Mozilla/5.0 (Linux; Android 5.1.1; SAMSUNG SM-J700H Build/LMY48B) AppleWebKit/537.36 (KHTML, like Gecko) SamsungBrowser/3.3 Chrome/38.0.2125.102 Mobile Safari/537.36" "-"
46.224.175.229 - - [23/Jan/2019:00:00:00 +0330] "GET /static/images/third-party/footer.png HTTP/1.1" 200 56076 "https://www.zanbil.ir/" "Mozilla/5.0 (Windows NT 5.1) AppleWebKit/537.36 (KHTML, like Gecko) Chrome/49.0.2623.112 Safari/537.36" "-"
46.224.175.229 - - [23/Jan/2019:00:00:00 +0330] "GET /static/images/amp/instagram.png HTTP/1.1" 200 7146 "https://www.zanbil.ir/" "Mozilla/5.0 (Windows NT 5.1) AppleWebKit/537.36 (KHTML, like Gecko) Chrome/49.0.2623.112 Safari/537.36" "-"
46.224.175.229 - - [23/Jan/2019:00:00:00 +0330] "GET /image/1191/article/100x100 HTTP/1.1" 200 18870 "https://www.zanbil.ir/" "Mozilla/5.0 (Windows NT 5.1) AppleWebKit/537.36 (KHTML, like Gecko) Chrome/49.0.2623.112 Safari/537.36" "-"
46.224.175.229 - - [23/Jan/2019:00:00:00 +0330] "GET /static/images/amp/telegram.png HTTP/1.1" 200 4859 "https://www.zanbil.ir/" "Mozilla/5.0 (Windows NT 5.1) AppleWebKit/537.36 (KHTML, like Gecko) Chrome/49.0.2623.112 Safari/537.36" "-"
46.224.175.229 - - [23/Jan/2019:00:00:00 +0330] "GET /static/images/amp/blog.png HTTP/1.1" 200 3863 "https://www.zanbil.ir/" "Mozilla/5.0 (Windows NT 5.1) AppleWebKit/537.36 (KHTML, like Gecko) Chrome/49.0.2623.112 Safari/537.36" "-"
46.224.175.229 - - [23/Jan/2019:00:00:00 +0330] "GET /settings/logo HTTP/1.1" 200 4120 "https://www.zanbil.ir/" "Mozilla/5.0 (Windows NT 5.1) AppleWebKit/537.36 (KHTML, like Gecko) Chrome/49.0.2623.112 Safari/537.36" "-"
37.27.73.249 - - [23/Jan/2019:00:00:00 +0330] "GET /m/product/29811/59311/%D8%AA%D8%B4%DA%A9-%D8%AF%D9%88-%D9%86%D9%81%D8%B1%D9%87-Zest-%D9%85%D8%AF%D9%84-%DA%A9%D8%A7%D9%85%D9%81%D9%88%D8%B1%D8%AA-%D8%B3%D8%A7%DB%8C%D8%B2-160*200 HTTP/1.1" 200 20861 "https://www.zanbil.ir/m/filter/p12786?page=1" "Mozilla/5.0 (Linux; Android 8.0.0; SM-G950F) AppleWebKit/537.36 (KHTML, like Gecko) Chrome/71.0.3578.99 Mobile Safari/537.36" "-"
86.104.84.93 - - [23/Jan/2019:00:00:00 +0330] "GET /amp-helper-frame.html?appId=a624a1c1-0c93-466a-a546-e146710f97e6&parentOrigin=https://www-zanbil-ir.cdn.ampproject.org HTTP/1.1" 200 133 "https://www-zanbil-ir.cdn.ampproject.org/v/s/www.zanbil.ir/m/browse/sandwich-maker/%D8%B3%D8%A7%D9%86%D8%AF%D9%88%DB%8C%DA%86-%D8%B3%D8%A7%D8%B2?usqp=mq331AQECAEoAQ%3D%3D&amp_js_v=0.1&amp_lite" "Mozilla/5.0 (Linux; Android 4.2.2; GT-S7582 Build/JDQ39) AppleWebKit/537.36 (KHTML, like Gecko) Chrome/54.0.2840.85 Mobile Safari/537.36" "-"
46.224.175.229 - - [23/Jan/2019:00:00:00 +0330] "GET /static/css/font/wyekan/font.woff HTTP/1.1" 200 28536 "https://znbl.ir/static/bundle-bundle_site_head.css" "Mozilla/5.0 (Windows NT 5.1) AppleWebKit/537.36 (KHTML, like Gecko) Chrome/49.0.2623.112 Safari/537.36" "-"
46.224.175.229 - - [23/Jan/2019:00:00:00 +0330] "GET /static/images/search-category-arrow.png HTTP/1.1" 200 217 "https://znbl.ir/static/bundle-bundle_site_head.css" "Mozilla/5.0 (Windows NT 5.1) AppleWebKit/537.36 (KHTML, like Gecko) Chrome/49.0.2623.112 Safari/537.36" "-"
46.224.175.229 - - [23/Jan/2019:00:00:00 +0330] "GET /static/images/icons/btn-search.png HTTP/1.1" 200 393 "https://znbl.ir/static/bundle-bundle_site_head.css" "Mozilla/5.0 (Windows NT 5.1) AppleWebKit/537.36 (KHTML, like Gecko) Chrome/49.0.2623.112 Safari/537.36" "-"
46.224.175.229 - - [23/Jan/2019:00:00:00 +0330] "GET /static/css/font_awesome/fonts/fontawesome-webfont.woff2?v=4.7.0 HTTP/1.1" 200 77171 "https://znbl.ir/static/bundle-bundle_site_head.css" "Mozilla/5.0 (Windows NT 5.1) AppleWebKit/537.36 (KHTML, like Gecko) Chrome/49.0.2623.112 Safari/537.36" "-"
46.224.175.229 - - [23/Jan/2019:00:00:00 +0330] "GET /static/images/loading.gif HTTP/1.1" 200 7370 "https://znbl.ir/static/bundle-bundle_site_head.css" "Mozilla/5.0 (Windows NT 5.1) AppleWebKit/537.36 (KHTML, like Gecko) Chrome/49.0.2623.112 Safari/537.36" "-"
46.224.175.229 - - [23/Jan/2019:00:00:00 +0330] "GET /static/images/arrow-right.png HTTP/1.1" 200 475 "https://znbl.ir/static/bundle-bundle_site_head.css" "Mozilla/5.0 (Windows NT 5.1) AppleWebKit/537.36 (KHTML, like Gecko) Chrome/49.0.2623.112 Safari/537.36" "-"
5.124.215.102 - - [23/Jan/2019:00:00:00 +0330] "GET /image/28216?name=h-37-%D9%87%D9%88%D8%AF-%D9%84%D8%AA%D9%88.jpg&wh=200x200 HTTP/1.1" 200 4075 "-" "Dalvik/2.1.0 (Linux; U; Android 5.1.1; SM-J200H Build/LMY48B)" "-"
46.224.175.229 - - [23/Jan/2019:00:00:00 +0330] "GET /static/images/arrow-left.png HTTP/1.1" 200 474 "https://znbl.ir/static/bundle-bundle_site_head.css" "Mozilla/5.0 (Windows NT 5.1) AppleWebKit/537.36 (KHTML, like Gecko) Chrome/49.0.2623.112 Safari/537.36" "-"
51.255.74.91 - - [23/Jan/2019:00:00:01 +0330] "GET /amp-helper-frame.html?appId=a624a1c1-0c93-466a-a546-e146710f97e6&parentOrigin=https://www.zanbil.ir HTTP/1.1" 200 133 "https://www.zanbil.ir/m/browse/hair-curler/%D9%81%D8%B1-%DA%A9%D9%86%D9%86%D8%AF%D9%87-%D9%85%D9%88" "Mozilla/5.0 (Linux; Android 7.0; SM-G935F Build/NRD90M) AppleWebKit/537.36 (KHTML, like Gecko) Chrome/64.0.3282.137 Mobile Safari/537.36" "-"
46.224.175.229 - - [23/Jan/2019:00:00:01 +0330] "GET /static/images/guarantees/goodShopping.png HTTP/1.1" 200 6496 "https://www.zanbil.ir/" "Mozilla/5.0 (Windows NT 5.1) AppleWebKit/537.36 (KHTML, like Gecko) Chrome/49.0.2623.112 Safari/537.36" "-"
46.224.175.229 - - [23/Jan/2019:00:00:01 +0330] "GET /static/images/guarantees/warranty.png HTTP/1.1" 200 5807 "https://www.zanbil.ir/" "Mozilla/5.0 (Windows NT 5.1) AppleWebKit/537.36 (KHTML, like Gecko) Chrome/49.0.2623.112 Safari/537.36" "-"
46.224.175.229 - - [23/Jan/2019:00:00:01 +0330] "GET /static/images/guarantees/bestPrice.png HTTP/1.1" 200 7356 "https://www.zanbil.ir/" "Mozilla/5.0 (Windows NT 5.1) AppleWebKit/537.36 (KHTML, like Gecko) Chrome/49.0.2623.112 Safari/537.36" "-"
5.237.204.160 - - [23/Jan/2019:00:00:01 +0330] "GET /m/filter/p3%2Cb1 HTTP/1.1" 200 19507 "https://www.zanbil.ir/m/browse/refrigerator-and-freezer/%DB%8C%D8%AE%DA%86%D8%A7%D9%84-%D9%81%D8%B1%DB%8C%D8%B2%D8%B1" "Mozilla/5.0 (Linux; Android 7.0; G3112) AppleWebKit/537.36 (KHTML, like Gecko) Chrome/71.0.3578.99 Mobile Safari/537.36" "-"
46.224.175.229 - - [23/Jan/2019:00:00:01 +0330] "GET /static/images/guarantees/fastDelivery.png HTTP/1.1" 200 7713 "https://www.zanbil.ir/" "Mozilla/5.0 (Windows NT 5.1) AppleWebKit/537.36 (KHTML, like Gecko) Chrome/49.0.2623.112 Safari/537.36" "-"
46.224.175.229 - - [23/Jan/2019:00:00:01 +0330] "GET /static/images/guarantees/support.png HTTP/1.1" 200 6454 "https://www.zanbil.ir/" "Mozilla/5.0 (Windows NT 5.1) AppleWebKit/537.36 (KHTML, like Gecko) Chrome/49.0.2623.112 Safari/537.36" "-"
95.162.158.120 - - [23/Jan/2019:00:00:01 +0330] "GET /image/34290?name=galaxy-j2-core-1.jpg&wh=200x200 HTTP/1.1" 200 4328 "-" "Dalvik/2.1.0 (Linux; U; Android 6.0; LG-K430 Build/MRA58K)" "-"
5.125.55.209 - - [23/Jan/2019:00:00:01 +0330] "GET /image/59567/productModel/200x200 HTTP/1.1" 200 9906 "https://www.zanbil.ir/m/browse/tv/%D8%AA%D9%84%D9%88%DB%8C%D8%B2%DB%8C%D9%88%D9%86" "Mozilla/5.0 (Linux; Android 4.4.2; CHM-U01 Build/HonorCHM-U01) AppleWebKit/537.36 (KHTML, like Gecko) Version/4.0 Chrome/30.0.0.0 Mobile Safari/537.36" "-"
46.224.175.229 - - [23/Jan/2019:00:00:01 +0330] "GET /static/images/guarantees/pos.png HTTP/1.1" 200 6465 "https://www.zanbil.ir/" "Mozilla/5.0 (Windows NT 5.1) AppleWebKit/537.36 (KHTML, like Gecko) Chrome/49.0.2623.112 Safari/537.36" "-"
5.125.55.209 - - [23/Jan/2019:00:00:01 +0330] "GET /image/63112/productModel/200x200 HTTP/1.1" 200 5706 "https://www.zanbil.ir/m/browse/tv/%D8%AA%D9%84%D9%88%DB%8C%D8%B2%DB%8C%D9%88%D9%86" "Mozilla/5.0 (Linux; Android 4.4.2; CHM-U01 Build/HonorCHM-U01) AppleWebKit/537.36 (KHTML, like Gecko) Version/4.0 Chrome/30.0.0.0 Mobile Safari/537.36" "-"
46.224.175.229 - - [23/Jan/2019:00:00:01 +0330] "GET /static/images/tracking-bg.png HTTP/1.1" 200 16988 "https://www.zanbil.ir/" "Mozilla/5.0 (Windows NT 5.1) AppleWebKit/537.36 (KHTML, like Gecko) Chrome/49.0.2623.112 Safari/537.36" "-"
51.255.74.91 - - [23/Jan/2019:00:00:01 +0330] "GET /settings/logo HTTP/1.1" 200 4120 "https://www.zanbil.ir/m/browse/hair-curler/%D9%81%D8%B1-%DA%A9%D9%86%D9%86%D8%AF%D9%87-%D9%85%D9%88" "Mozilla/5.0 (Linux; Android 7.0; SM-G935F Build/NRD90M) AppleWebKit/537.36 (KHTML, like Gecko) Chrome/64.0.3282.137 Mobile Safari/537.36" "-"
83.121.108.74 - - [23/Jan/2019:00:00:01 +0330] "GET /image/11922?name=11922-1-fw.jpg&wh=200x200 HTTP/1.1" 200 4481 "-" "Dalvik/2.1.0 (Linux; U; Android 7.0; SM-A510F Build/NRD90M)" "-"
83.121.108.74 - - [23/Jan/2019:00:00:01 +0330] "GET /image/34200?name=4000d-1.jpg&wh=200x200 HTTP/1.1" 200 8126 "-" "Dalvik/2.1.0 (Linux; U; Android 7.0; SM-A510F Build/NRD90M)" "-"
37.27.73.249 - - [23/Jan/2019:00:00:01 +0330] "GET /settings/logo HTTP/1.1" 200 4120 "https://www.zanbil.ir/m/product/29811/59311/%D8%AA%D8%B4%DA%A9-%D8%AF%D9%88-%D9%86%D9%81%D8%B1%D9%87-Zest-%D9%85%D8%AF%D9%84-%DA%A9%D8%A7%D9%85%D9%81%D9%88%D8%B1%D8%AA-%D8%B3%D8%A7%DB%8C%D8%B2-160*200" "Mozilla/5.0 (Linux; Android 8.0.0; SM-G950F) AppleWebKit/537.36 (KHTML, like Gecko) Chrome/71.0.3578.99 Mobile Safari/537.36" "-"
83.121.108.74 - - [23/Jan/2019:00:00:01 +0330] "GET /image/33722?name=s8-2280-222.jpg&wh=200x200 HTTP/1.1" 200 4227 "-" "Dalvik/2.1.0 (Linux; U; Android 7.0; SM-A510F Build/NRD90M)" "-"
37.27.73.249 - - [23/Jan/2019:00:00:01 +0330] "GET /image/29811?name=zest-comfort-1.jpg&wh=max HTTP/1.1" 200 29195 "https://www.zanbil.ir/m/product/29811/59311/%D8%AA%D8%B4%DA%A9-%D8%AF%D9%88-%D9%86%D9%81%D8%B1%D9%87-Zest-%D9%85%D8%AF%D9%84-%DA%A9%D8%A7%D9%85%D9%81%D9%88%D8%B1%D8%AA-%D8%B3%D8%A7%DB%8C%D8%B2-160*200" "Mozilla/5.0 (Linux; Android 8.0.0; SM-G950F) AppleWebKit/537.36 (KHTML, like Gecko) Chrome/71.0.3578.99 Mobile Safari/537.36" "-"
5.125.55.209 - - [23/Jan/2019:00:00:01 +0330] "GET /image/64913/productModel/200x200 HTTP/1.1" 200 6687 "https://www.zanbil.ir/m/browse/tv/%D8%AA%D9%84%D9%88%DB%8C%D8%B2%DB%8C%D9%88%D9%86" "Mozilla/5.0 (Linux; Android 4.4.2; CHM-U01 Build/HonorCHM-U01) AppleWebKit/537.36 (KHTML, like Gecko) Version/4.0 Chrome/30.0.0.0 Mobile Safari/537.36" "-"
5.125.55.209 - - [23/Jan/2019:00:00:01 +0330] "GET /image/63803/productModel/200x200 HTTP/1.1" 200 8507 "https://www.zanbil.ir/m/browse/tv/%D8%AA%D9%84%D9%88%DB%8C%D8%B2%DB%8C%D9%88%D9%86" "Mozilla/5.0 (Linux; Android 4.4.2; CHM-U01 Build/HonorCHM-U01) AppleWebKit/537.36 (KHTML, like Gecko) Version/4.0 Chrome/30.0.0.0 Mobile Safari/537.36" "-"
157.55.39.141 - - [23/Jan/2019:00:00:01 +0330] "GET /filter/b122,b2,b548,b596 HTTP/1.1" 200 36592 "-" "Mozilla/5.0 (compatible; bingbot/2.0; +http://www.bing.com/bingbot.htm)" "-"
5.73.191.240 - - [23/Jan/2019:00:00:01 +0330] "GET /amp-helper-frame.html?appId=a624a1c1-0c93-466a-a546-e146710f97e6&parentOrigin=https://www-zanbil-ir.cdn.ampproject.org HTTP/1.1" 200 133 "https://www-zanbil-ir.cdn.ampproject.org/v/s/www.zanbil.ir/m/filter/b41,p1233?amp_js_v=a2&amp_gsa=1&usqp=mq331AQCCAE%3D" "Mozilla/5.0 (Linux; Android 4.4.2; CHM-U01) AppleWebKit/537.36 (KHTML, like Gecko) Chrome/70.0.3538.110 Mobile Safari/537.36" "-"
5.237.204.160 - - [23/Jan/2019:00:00:02 +0330] "GET /settings/logo HTTP/1.1" 200 4120 "https://www.zanbil.ir/m/filter/p3%2Cb1" "Mozilla/5.0 (Linux; Android 7.0; G3112) AppleWebKit/537.36 (KHTML, like Gecko) Chrome/71.0.3578.99 Mobile Safari/537.36" "-"
5.237.204.160 - - [23/Jan/2019:00:00:02 +0330] "GET /image/1647/productModel/200x200 HTTP/1.1" 200 3744 "https://www.zanbil.ir/m/filter/p3%2Cb1" "Mozilla/5.0 (Linux; Android 7.0; G3112) AppleWebKit/537.36 (KHTML, like Gecko) Chrome/71.0.3578.99 Mobile Safari/537.36" "-"
2.186.82.126 - - [23/Jan/2019:00:00:02 +0330] "GET /image/29149?name=g570fd-1.jpg&wh=200x200 HTTP/1.1" 200 4528 "-" "Dalvik/2.1.0 (Linux; U; Android 6.0.1; SM-G5528 Build/MMB29M)" "-"
5.237.204.160 - - [23/Jan/2019:00:00:02 +0330] "GET /image/62139/productModel/200x200 HTTP/1.1" 200 2931 "https://www.zanbil.ir/m/filter/p3%2Cb1" "Mozilla/5.0 (Linux; Android 7.0; G3112) AppleWebKit/537.36 (KHTML, like Gecko) Chrome/71.0.3578.99 Mobile Safari/537.36" "-"
5.237.204.160 - - [23/Jan/2019:00:00:02 +0330] "GET /image/64632/productModel/200x200 HTTP/1.1" 200 3036 "https://www.zanbil.ir/m/filter/p3%2Cb1" "Mozilla/5.0 (Linux; Android 7.0; G3112) AppleWebKit/537.36 (KHTML, like Gecko) Chrome/71.0.3578.99 Mobile Safari/537.36" "-"
5.119.121.32 - - [23/Jan/2019:00:00:02 +0330] "GET /image/64913/productModel/200x200 HTTP/1.1" 200 6687 "https://www.zanbil.ir/m/browse/tv/%D8%AA%D9%84%D9%88%DB%8C%D8%B2%DB%8C%D9%88%D9%86" "Mozilla/5.0 (Linux; Android 8.1.0; SM-J710F Build/M1AJQ; wv) AppleWebKit/537.36 (KHTML, like Gecko) Version/4.0 Chrome/44.0.2403.119 Mobile Safari/537.36 ACHEETAHI/1" "-"
5.119.121.32 - - [23/Jan/2019:00:00:02 +0330] "GET /image/63803/productModel/200x200 HTTP/1.1" 200 8507 "https://www.zanbil.ir/m/browse/tv/%D8%AA%D9%84%D9%88%DB%8C%D8%B2%DB%8C%D9%88%D9%86" "Mozilla/5.0 (Linux; Android 8.1.0; SM-J710F Build/M1AJQ; wv) AppleWebKit/537.36 (KHTML, like Gecko) Version/4.0 Chrome/44.0.2403.119 Mobile Safari/537.36 ACHEETAHI/1" "-"
2.177.160.136 - - [23/Jan/2019:00:00:02 +0330] "GET /image/4510/productType/120x90 HTTP/1.1" 200 8018 "https://www.zanbil.ir/m/product/33487/%D8%AC%D8%A7%D8%B1%D9%88%D8%A8%D8%B1%D9%82%DB%8C-%D8%A8%D8%A7-%D9%BE%D8%A7%DA%A9%D8%AA-%D8%A8%D9%88%D8%B4-%D9%85%D8%AF%D9%84-BOSCH-Vacuum-Cleaner-BGL8PRO5IR" "Mozilla/5.0 (Linux; Android 6.0; LG-H818 Build/MRA58K) AppleWebKit/537.36 (KHTML, like Gecko) Chrome/62.0.3202.84 Mobile Safari/537.36" "-"
37.98.57.201 - - [23/Jan/2019:00:00:02 +0330] "GET /favicon.ico HTTP/1.1" 200 0 "-" "okhttp/2.5.0" "-"
66.249.66.194 - - [23/Jan/2019:00:00:02 +0330] "GET /m/filter/b103,b105,b135,b136,b151,b168,b185,b186,b192,b194,b198,b20,b202,b213,b219,b221,b226,b231,b238,b256,b32,b41,b435,b441,b481,b484,b497,b50,b546,b570,b584,b596,b597,b598,b6,b610,b615,b63,b645,b647,b67,b679,b701,b724,b74,b795,b8,b80,b854,b861,b874,b88,b883,b890,b904,b95,stexists HTTP/1.1" 200 26723 "-" "Mozilla/5.0 (Linux; Android 6.0.1; Nexus 5X Build/MMB29P) AppleWebKit/537.36 (KHTML, like Gecko) Chrome/41.0.2272.96 Mobile Safari/537.36 (compatible; Googlebot/2.1; +http://www.google.com/bot.html)" "-"
66.249.66.91 - - [23/Jan/2019:00:00:02 +0330] "GET /filter/b703%2Cb36%2Cb41%2Cb598%2Cb103%2Cb614%2Cb88%2Cb19%2Cb194%2Cb35%2Cb321%2Cb5%2Cb261%2Cb442%2Cb484%2Cb723%2Cb573%2Cb192%2Cb1%2Cb435%2Cb183%2Cb542%2Cb135%2Cb878%2Cb63%2Cb497%2Cb619%2Cb613%2Cb219%2Cb151%2Cb441%2Cb568%2Cb880%2Cb647%2Cb185%2Cb224%2Cb213%2Cb50%2Cb3%2Cb231%2Cb99%2Cb238%2Cb202%2Cb226%2Cb105%2Cb8%2Cb879%2Cb679%2Cb218%2Cb724%2Cb648?page=197 HTTP/1.1" 200 39823 "-" "Mozilla/5.0 (compatible; Googlebot/2.1; +http://www.google.com/bot.html)" "-"
5.213.201.160 - - [23/Jan/2019:00:00:03 +0330] "GET /basket/storeShippingAddress?city=132&region=&postalCode=7511354362&telephone=09396605541&addressLine=%D9%85%D9%86%D8%B7%D9%82%D9%87+%D8%B9%D8%B3%D9%84%D9%88%DB%8C%D9%87+%D8%B1%D9%88%D8%B3%D8%AA%D8%A7%DB%8C+%D8%A7%D8%AE%D9%86%D8%AF+%D8%AE%DB%8C%D8%A7%D8%A8%D8%A7%D9%86+%D8%AF%D8%A7%D9%86%D8%B4+%D8%AE%D8%A7%D9%86%D9%87+%D8%AD%D8%B3%DB%8C%D9%86+%D8%B3%DB%8C%D8%A7%D8%B1 HTTP/1.1" 302 0 "https://www.zanbil.ir/basket/checkout?currentStep=2" "Mozilla/5.0 (Linux; Android 6.0.1; SAMSUNG SM-J700F Build/MMB29K) AppleWebKit/537.36 (KHTML, like Gecko) SamsungBrowser/4.0 Chrome/44.0.2403.133 Mobile Safari/537.36" "-"
130.185.76.185 - - [23/Jan/2019:00:00:03 +0330] "GET /product/28652/57510/%D9%81%D8%B1-%D8%AA%D9%88%DA%A9%D8%A7%D8%B1-%D8%A7%D8%AE%D9%88%D8%A7%D9%86-%D9%85%D8%AF%D9%84-F16 HTTP/1.1" 200 42525 "https://www.zanbil.ir/product/28652/57510/%D9%81%D8%B1-%D8%AA%D9%88%DA%A9%D8%A7%D8%B1-%D8%A7%D8%AE%D9%88%D8%A7%D9%86-%D9%85%D8%AF%D9%84-F16" "Mozilla/5.0 (Windows NT 6.1; rv:65.0) Gecko/20100101 Firefox/65.0" "-"
2.178.104.101 - - [23/Jan/2019:00:00:03 +0330] "GET /image/31931?name=rs25-222.jpg&wh=200x200 HTTP/1.1" 200 3705 "https://torob.com/p/009ad29d-2bd9-4efd-b461-e0022c78d272/%DB%8C%D8%AE%DA%86%D8%A7%D9%84-%D9%88-%D9%81%D8%B1%DB%8C%D8%B2%D8%B1-%D8%A8%D9%88%D8%B4-%D9%85%D8%AF%D9%84-kag-90ai20-n/" "Mozilla/5.0 (Linux; Android 4.4.2; GT-N5100) AppleWebKit/537.36 (KHTML, like Gecko) Chrome/71.0.3578.99 Safari/537.36" "-"
31.7.112.215 - - [23/Jan/2019:00:00:03 +0330] "GET /m/article/618/%D8%AE%D9%88%D8%A7%D8%A8-%D8%B1%D9%81%D8%AA%D9%86%D8%8C%DA%AF%D8%B2%DA%AF%D8%B2%D8%8C%D8%B3%D9%88%D8%B2%D8%B4-%D9%88-%D8%A8%DB%8C-%D8%AD%D8%B3%DB%8C-%D9%BE%D8%A7%3A-%D8%B9%D9%84%D8%AA-%D9%88-%D8%AF%D8%B1%D9%85%D8%A7%D9%86- HTTP/1.1" 200 20078 "https://www.google.com/" "Mozilla/5.0 (Linux; Android 7.1.1; SM-J510F) AppleWebKit/537.36 (KHTML, like Gecko) Chrome/70.0.3538.80 Mobile Safari/537.36" "-"
37.137.26.85 - - [23/Jan/2019:00:00:03 +0330] "GET /image/29817?name=%D8%A7%D8%B1%D8%AA%D9%88%D9%BE%D8%AF%DB%8C%DA%A9.jpg&wh=200x200 HTTP/1.1" 200 3556 "-" "Dalvik/1.6.0 (Linux; U; Android 4.3; MediaPad 7 Youth 2 Build/HuaweiMediaPad)" "-"
46.224.175.229 - - [23/Jan/2019:00:00:03 +0330] "GET /image/8722/specialSale?role=e1 HTTP/1.1" 200 11 "https://www.zanbil.ir/" "Mozilla/5.0 (Windows NT 5.1) AppleWebKit/537.36 (KHTML, like Gecko) Chrome/49.0.2623.112 Safari/537.36" "-"
46.224.175.229 - - [23/Jan/2019:00:00:03 +0330] "GET /image/8722/specialSale?role=e2 HTTP/1.1" 200 11 "https://www.zanbil.ir/" "Mozilla/5.0 (Windows NT 5.1) AppleWebKit/537.36 (KHTML, like Gecko) Chrome/49.0.2623.112 Safari/537.36" "-"
46.224.175.229 - - [23/Jan/2019:00:00:03 +0330] "GET /image/8722/specialSale?role=e3 HTTP/1.1" 200 11 "https://www.zanbil.ir/" "Mozilla/5.0 (Windows NT 5.1) AppleWebKit/537.36 (KHTML, like Gecko) Chrome/49.0.2623.112 Safari/537.36" "-"
37.27.73.249 - - [23/Jan/2019:00:00:03 +0330] "GET /image/59295/productModel/150x150 HTTP/1.1" 200 2874 "https://www.zanbil.ir/m/product/29811/59311/%D8%AA%D8%B4%DA%A9-%D8%AF%D9%88-%D9%86%D9%81%D8%B1%D9%87-Zest-%D9%85%D8%AF%D9%84-%DA%A9%D8%A7%D9%85%D9%81%D9%88%D8%B1%D8%AA-%D8%B3%D8%A7%DB%8C%D8%B2-160*200" "Mozilla/5.0 (Linux; Android 8.0.0; SM-G950F) AppleWebKit/537.36 (KHTML, like Gecko) Chrome/71.0.3578.99 Mobile Safari/537.36" "-"
188.229.114.3 - - [23/Jan/2019:00:00:03 +0330] "GET /image/34231?name=gold-1.jpg&wh=200x200 HTTP/1.1" 200 5914 "-" "Dalvik/2.1.0 (Linux; U; Android 7.0; SM-A310F Build/NRD90M)" "-"
46.224.175.229 - - [23/Jan/2019:00:00:03 +0330] "GET /static/images/jcountdown/jcountdown_metal_black.png HTTP/1.1" 200 17355 "https://znbl.ir/static/bundle-bundle_site_head.css" "Mozilla/5.0 (Windows NT 5.1) AppleWebKit/537.36 (KHTML, like Gecko) Chrome/49.0.2623.112 Safari/537.36" "-"
207.46.13.23 - - [23/Jan/2019:00:00:03 +0330] "GET /filter?f=p1%2Cb2%2Cp46%2Cb32 HTTP/1.1" 200 35101 "-" "Mozilla/5.0 (compatible; bingbot/2.0; +http://www.bing.com/bingbot.htm)" "-"
159.89.28.236 - - [23/Jan/2019:00:00:03 +0330] "GET /m/filter/null%2Ct460?phrase=%D8%AA%D8%B4%DA%A9 HTTP/1.1" 200 20336 "-" "Mozilla/5.0 (Linux; Android 7.0; SAMSUNG SM-G920F Build/NRD90M) AppleWebKit/537.36 (KHTML, like Gecko) SamsungBrowser/6.4 Chrome/56.0.2924.87 Mobile Safari/537.36" "-"
37.27.73.249 - - [23/Jan/2019:00:00:03 +0330] "GET /image/59297/productModel/150x150 HTTP/1.1" 200 2874 "https://www.zanbil.ir/m/product/29811/59311/%D8%AA%D8%B4%DA%A9-%D8%AF%D9%88-%D9%86%D9%81%D8%B1%D9%87-Zest-%D9%85%D8%AF%D9%84-%DA%A9%D8%A7%D9%85%D9%81%D9%88%D8%B1%D8%AA-%D8%B3%D8%A7%DB%8C%D8%B2-160*200" "Mozilla/5.0 (Linux; Android 8.0.0; SM-G950F) AppleWebKit/537.36 (KHTML, like Gecko) Chrome/71.0.3578.99 Mobile Safari/537.36" "-"
77.77.74.169 - - [23/Jan/2019:00:00:03 +0330] "GET /browse/laptop/%D9%84%D9%BE-%D8%AA%D8%A7%D9%BE HTTP/1.1" 200 32312 "https://www.zanbil.ir/browse/digital-supplies/%D9%84%D9%88%D8%A7%D8%B2%D9%85-%D8%AF%DB%8C%D8%AC%DB%8C%D8%AA%D8%A7%D9%84" "Mozilla/5.0 (Windows NT 6.3; Win64; x64; rv:64.0) Gecko/20100101 Firefox/64.0" "-"
66.249.66.194 - - [23/Jan/2019:00:00:03 +0330] "GET /filter/b1,b103,b126,b148,b168,b183,b19,b192,b194,b219,b224,b35,b36,b41,b435,b442,b482,b484,b5,b542,b546,b573,b574,b598,b613,b614,b619,b63,b656,b67,b679,b703,b723,b724,b74,b80,b820,b877,b879,b88 HTTP/1.1" 200 39787 "-" "Mozilla/5.0 (compatible; Googlebot/2.1; +http://www.google.com/bot.html)" "-"
77.77.74.169 - - [23/Jan/2019:00:00:04 +0330] "GET /image/62804/productModel/150x150 HTTP/1.1" 200 4074 "https://www.zanbil.ir/browse/laptop/%D9%84%D9%BE-%D8%AA%D8%A7%D9%BE" "Mozilla/5.0 (Windows NT 6.3; Win64; x64; rv:64.0) Gecko/20100101 Firefox/64.0" "-"
77.77.74.169 - - [23/Jan/2019:00:00:04 +0330] "GET /image/65260/productModel/150x150 HTTP/1.1" 200 4050 "https://www.zanbil.ir/browse/laptop/%D9%84%D9%BE-%D8%AA%D8%A7%D9%BE" "Mozilla/5.0 (Windows NT 6.3; Win64; x64; rv:64.0) Gecko/20100101 Firefox/64.0" "-"
77.77.74.169 - - [23/Jan/2019:00:00:04 +0330] "GET /image/65277/productModel/150x150 HTTP/1.1" 200 3491 "https://www.zanbil.ir/browse/laptop/%D9%84%D9%BE-%D8%AA%D8%A7%D9%BE" "Mozilla/5.0 (Windows NT 6.3; Win64; x64; rv:64.0) Gecko/20100101 Firefox/64.0" "-"
37.27.73.249 - - [23/Jan/2019:00:00:04 +0330] "GET /image/59298/productModel/150x150 HTTP/1.1" 200 2874 "https://www.zanbil.ir/m/product/29811/59311/%D8%AA%D8%B4%DA%A9-%D8%AF%D9%88-%D9%86%D9%81%D8%B1%D9%87-Zest-%D9%85%D8%AF%D9%84-%DA%A9%D8%A7%D9%85%D9%81%D9%88%D8%B1%D8%AA-%D8%B3%D8%A7%DB%8C%D8%B2-160*200" "Mozilla/5.0 (Linux; Android 8.0.0; SM-G950F) AppleWebKit/537.36 (KHTML, like Gecko) Chrome/71.0.3578.99 Mobile Safari/537.36" "-"
77.77.74.169 - - [23/Jan/2019:00:00:04 +0330] "GET /image/65248/productModel/150x150 HTTP/1.1" 200 3937 "https://www.zanbil.ir/browse/laptop/%D9%84%D9%BE-%D8%AA%D8%A7%D9%BE" "Mozilla/5.0 (Windows NT 6.3; Win64; x64; rv:64.0) Gecko/20100101 Firefox/64.0" "-"
77.77.74.169 - - [23/Jan/2019:00:00:04 +0330] "GET /image/65262/productModel/150x150 HTTP/1.1" 200 3987 "https://www.zanbil.ir/browse/laptop/%D9%84%D9%BE-%D8%AA%D8%A7%D9%BE" "Mozilla/5.0 (Windows NT 6.3; Win64; x64; rv:64.0) Gecko/20100101 Firefox/64.0" "-"
37.27.73.249 - - [23/Jan/2019:00:00:04 +0330] "GET /image/59300/productModel/150x150 HTTP/1.1" 200 2528 "https://www.zanbil.ir/m/product/29811/59311/%D8%AA%D8%B4%DA%A9-%D8%AF%D9%88-%D9%86%D9%81%D8%B1%D9%87-Zest-%D9%85%D8%AF%D9%84-%DA%A9%D8%A7%D9%85%D9%81%D9%88%D8%B1%D8%AA-%D8%B3%D8%A7%DB%8C%D8%B2-160*200" "Mozilla/5.0 (Linux; Android 8.0.0; SM-G950F) AppleWebKit/537.36 (KHTML, like Gecko) Chrome/71.0.3578.99 Mobile Safari/537.36" "-"
77.77.74.169 - - [23/Jan/2019:00:00:04 +0330] "GET /image/62974/productModel/150x150 HTTP/1.1" 200 4031 "https://www.zanbil.ir/browse/laptop/%D9%84%D9%BE-%D8%AA%D8%A7%D9%BE" "Mozilla/5.0 (Windows NT 6.3; Win64; x64; rv:64.0) Gecko/20100101 Firefox/64.0" "-"
5.209.58.190 - - [23/Jan/2019:00:00:04 +0330] "GET /image/33968?name=6p-m1.jpg&wh=200x200 HTTP/1.1" 200 5852 "https://torob.com/p/1e48bca8-c2da-4ecc-9358-7a73305e512d/%DA%AF%D9%88%D8%B4%DB%8C-%D9%85%D9%88%D8%A8%D8%A7%DB%8C%D9%84-%D8%B3%D8%A7%D9%85%D8%B3%D9%88%D9%86%DA%AF-%DA%AF%D9%84%DA%A9%D8%B3%DB%8C-%D8%AC%DB%8C-6-galaxy-j6-j600-32gb/" "Mozilla/5.0 (Linux; Android 6.0.1; SM-J700F) AppleWebKit/537.36 (KHTML, like Gecko) Chrome/71.0.3578.99 Mobile Safari/537.36" "-"
147.135.11.116 - - [23/Jan/2019:00:00:04 +0330] "GET /amp-helper-frame.html?appId=a624a1c1-0c93-466a-a546-e146710f97e6&parentOrigin=https://www-zanbil-ir.cdn.ampproject.org HTTP/1.1" 200 133 "https://www-zanbil-ir.cdn.ampproject.org/v/s/www.zanbil.ir/m/filter/b213,p6?amp_js_v=0.1&usqp=mq331AQECAEoAQ%3D%3D" "Mozilla/5.0 (Linux; Android 5.1.1; SM-A510F Build/LMY47X) AppleWebKit/537.36 (KHTML, like Gecko) Chrome/64.0.3282.123 Mobile Safari/537.36" "-"
77.77.74.169 - - [23/Jan/2019:00:00:04 +0330] "GET /image/62972/productModel/150x150 HTTP/1.1" 200 4148 "https://www.zanbil.ir/browse/laptop/%D9%84%D9%BE-%D8%AA%D8%A7%D9%BE" "Mozilla/5.0 (Windows NT 6.3; Win64; x64; rv:64.0) Gecko/20100101 Firefox/64.0" "-"
77.77.74.169 - - [23/Jan/2019:00:00:04 +0330] "GET /image/62796/productModel/150x150 HTTP/1.1" 200 4045 "https://www.zanbil.ir/browse/laptop/%D9%84%D9%BE-%D8%AA%D8%A7%D9%BE" "Mozilla/5.0 (Windows NT 6.3; Win64; x64; rv:64.0) Gecko/20100101 Firefox/64.0" "-"
77.77.74.169 - - [23/Jan/2019:00:00:04 +0330] "GET /image/65263/productModel/150x150 HTTP/1.1" 200 3709 "https://www.zanbil.ir/browse/laptop/%D9%84%D9%BE-%D8%AA%D8%A7%D9%BE" "Mozilla/5.0 (Windows NT 6.3; Win64; x64; rv:64.0) Gecko/20100101 Firefox/64.0" "-"
77.77.74.169 - - [23/Jan/2019:00:00:04 +0330] "GET /image/62792/productModel/150x150 HTTP/1.1" 200 4045 "https://www.zanbil.ir/browse/laptop/%D9%84%D9%BE-%D8%AA%D8%A7%D9%BE" "Mozilla/5.0 (Windows NT 6.3; Win64; x64; rv:64.0) Gecko/20100101 Firefox/64.0" "-"
77.77.74.169 - - [23/Jan/2019:00:00:04 +0330] "GET /image/65258/productModel/150x150 HTTP/1.1" 200 4012 "https://www.zanbil.ir/browse/laptop/%D9%84%D9%BE-%D8%AA%D8%A7%D9%BE" "Mozilla/5.0 (Windows NT 6.3; Win64; x64; rv:64.0) Gecko/20100101 Firefox/64.0" "-"
77.77.74.169 - - [23/Jan/2019:00:00:04 +0330] "GET /image/65266/productModel/150x150 HTTP/1.1" 200 3408 "https://www.zanbil.ir/browse/laptop/%D9%84%D9%BE-%D8%AA%D8%A7%D9%BE" "Mozilla/5.0 (Windows NT 6.3; Win64; x64; rv:64.0) Gecko/20100101 Firefox/64.0" "-"
77.77.74.169 - - [23/Jan/2019:00:00:04 +0330] "GET /image/65247/productModel/150x150 HTTP/1.1" 200 3907 "https://www.zanbil.ir/browse/laptop/%D9%84%D9%BE-%D8%AA%D8%A7%D9%BE" "Mozilla/5.0 (Windows NT 6.3; Win64; x64; rv:64.0) Gecko/20100101 Firefox/64.0" "-"
31.7.112.215 - - [23/Jan/2019:00:00:04 +0330] "GET /static/css/font/wyekan/font.woff HTTP/1.1" 200 28536 "https://www.zanbil.ir/m/article/618/%D8%AE%D9%88%D8%A7%D8%A8-%D8%B1%D9%81%D8%AA%D9%86%D8%8C%DA%AF%D8%B2%DA%AF%D8%B2%D8%8C%D8%B3%D9%88%D8%B2%D8%B4-%D9%88-%D8%A8%DB%8C-%D8%AD%D8%B3%DB%8C-%D9%BE%D8%A7%3A-%D8%B9%D9%84%D8%AA-%D9%88-%D8%AF%D8%B1%D9%85%D8%A7%D9%86-" "Mozilla/5.0 (Linux; Android 7.1.1; SM-J510F) AppleWebKit/537.36 (KHTML, like Gecko) Chrome/70.0.3538.80 Mobile Safari/537.36" "-"
77.77.74.169 - - [23/Jan/2019:00:00:04 +0330] "GET /image/62612/productModel/150x150 HTTP/1.1" 200 3094 "https://www.zanbil.ir/browse/laptop/%D9%84%D9%BE-%D8%AA%D8%A7%D9%BE" "Mozilla/5.0 (Windows NT 6.3; Win64; x64; rv:64.0) Gecko/20100101 Firefox/64.0" "-"
77.77.74.169 - - [23/Jan/2019:00:00:04 +0330] "GET /image/62964/productModel/150x150 HTTP/1.1" 200 3998 "https://www.zanbil.ir/browse/laptop/%D9%84%D9%BE-%D8%AA%D8%A7%D9%BE" "Mozilla/5.0 (Windows NT 6.3; Win64; x64; rv:64.0) Gecko/20100101 Firefox/64.0" "-"
37.137.26.85 - - [23/Jan/2019:00:00:04 +0330] "GET /image/29603?name=first-class-500x500.jpg&wh=200x200 HTTP/1.1" 200 94646 "-" "Dalvik/1.6.0 (Linux; U; Android 4.3; MediaPad 7 Youth 2 Build/HuaweiMediaPad)" "-"
77.77.74.169 - - [23/Jan/2019:00:00:04 +0330] "GET /image/62787/productModel/100x100 HTTP/1.1" 200 2536 "https://www.zanbil.ir/browse/laptop/%D9%84%D9%BE-%D8%AA%D8%A7%D9%BE" "Mozilla/5.0 (Windows NT 6.3; Win64; x64; rv:64.0) Gecko/20100101 Firefox/64.0" "-"
77.77.74.169 - - [23/Jan/2019:00:00:04 +0330] "GET /image/62792/productModel/100x100 HTTP/1.1" 200 2531 "https://www.zanbil.ir/browse/laptop/%D9%84%D9%BE-%D8%AA%D8%A7%D9%BE" "Mozilla/5.0 (Windows NT 6.3; Win64; x64; rv:64.0) Gecko/20100101 Firefox/64.0" "-"
77.77.74.169 - - [23/Jan/2019:00:00:04 +0330] "GET /image/62804/productModel/100x100 HTTP/1.1" 200 2441 "https://www.zanbil.ir/browse/laptop/%D9%84%D9%BE-%D8%AA%D8%A7%D9%BE" "Mozilla/5.0 (Windows NT 6.3; Win64; x64; rv:64.0) Gecko/20100101 Firefox/64.0" "-"
77.77.74.169 - - [23/Jan/2019:00:00:04 +0330] "GET /image/62964/productModel/100x100 HTTP/1.1" 200 2476 "https://www.zanbil.ir/browse/laptop/%D9%84%D9%BE-%D8%AA%D8%A7%D9%BE" "Mozilla/5.0 (Windows NT 6.3; Win64; x64; rv:64.0) Gecko/20100101 Firefox/64.0" "-"
77.77.74.169 - - [23/Jan/2019:00:00:04 +0330] "GET /image/62974/productModel/100x100 HTTP/1.1" 200 2431 "https://www.zanbil.ir/browse/laptop/%D9%84%D9%BE-%D8%AA%D8%A7%D9%BE" "Mozilla/5.0 (Windows NT 6.3; Win64; x64; rv:64.0) Gecko/20100101 Firefox/64.0" "-"
77.77.74.169 - - [23/Jan/2019:00:00:04 +0330] "GET /image/64190/productModel/100x100 HTTP/1.1" 200 2172 "https://www.zanbil.ir/browse/laptop/%D9%84%D9%BE-%D8%AA%D8%A7%D9%BE" "Mozilla/5.0 (Windows NT 6.3; Win64; x64; rv:64.0) Gecko/20100101 Firefox/64.0" "-"
46.154.5.80 - - [23/Jan/2019:00:00:04 +0330] "GET /product/31395/%D9%84%D9%BE-%D8%AA%D8%A7%D9%BE-DELL-%D9%85%D8%AF%D9%84-Dell-Inspiron-5567 HTTP/1.1" 302 0 "-" "Mozilla/5.0 (iPhone; CPU iPhone OS 12_1_2 like Mac OS X) AppleWebKit/605.1.15 (KHTML, like Gecko) Version/12.0 Mobile/15E148 Safari/604.1" "-"
77.77.74.169 - - [23/Jan/2019:00:00:04 +0330] "GET /image/65246/productModel/100x100 HTTP/1.1" 200 2431 "https://www.zanbil.ir/browse/laptop/%D9%84%D9%BE-%D8%AA%D8%A7%D9%BE" "Mozilla/5.0 (Windows NT 6.3; Win64; x64; rv:64.0) Gecko/20100101 Firefox/64.0" "-"
37.137.26.85 - - [23/Jan/2019:00:00:04 +0330] "GET /image/29852?name=%D8%B2%D8%A7%D9%81%DB%8C%D8%B1%D9%88.jpg&wh=200x200 HTTP/1.1" 200 4744 "-" "Dalvik/1.6.0 (Linux; U; Android 4.3; MediaPad 7 Youth 2 Build/HuaweiMediaPad)" "-"
77.77.74.169 - - [23/Jan/2019:00:00:04 +0330] "GET /image/62612/productModel/100x100 HTTP/1.1" 200 1986 "https://www.zanbil.ir/browse/laptop/%D9%84%D9%BE-%D8%AA%D8%A7%D9%BE" "Mozilla/5.0 (Windows NT 6.3; Win64; x64; rv:64.0) Gecko/20100101 Firefox/64.0" "-"
77.77.74.169 - - [23/Jan/2019:00:00:04 +0330] "GET /image/65245/productModel/150x150 HTTP/1.1" 200 3850 "https://www.zanbil.ir/browse/laptop/%D9%84%D9%BE-%D8%AA%D8%A7%D9%BE" "Mozilla/5.0 (Windows NT 6.3; Win64; x64; rv:64.0) Gecko/20100101 Firefox/64.0" "-"
77.77.74.169 - - [23/Jan/2019:00:00:04 +0330] "GET /image/62972/productModel/100x100 HTTP/1.1" 200 2495 "https://www.zanbil.ir/browse/laptop/%D9%84%D9%BE-%D8%AA%D8%A7%D9%BE" "Mozilla/5.0 (Windows NT 6.3; Win64; x64; rv:64.0) Gecko/20100101 Firefox/64.0" "-"
77.77.74.169 - - [23/Jan/2019:00:00:04 +0330] "GET /image/65245/productModel/100x100 HTTP/1.1" 200 2253 "https://www.zanbil.ir/browse/laptop/%D9%84%D9%BE-%D8%AA%D8%A7%D9%BE" "Mozilla/5.0 (Windows NT 6.3; Win64; x64; rv:64.0) Gecko/20100101 Firefox/64.0" "-"
77.77.74.169 - - [23/Jan/2019:00:00:04 +0330] "GET /image/62796/productModel/100x100 HTTP/1.1" 200 2531 "https://www.zanbil.ir/browse/laptop/%D9%84%D9%BE-%D8%AA%D8%A7%D9%BE" "Mozilla/5.0 (Windows NT 6.3; Win64; x64; rv:64.0) Gecko/20100101 Firefox/64.0" "-"
40.77.167.125 - - [23/Jan/2019:00:00:04 +0330] "GET /search?f=p0%2Cb3%2Cb76%2Cb43%2Cb83&o=b&phrase=280 HTTP/1.1" 200 27581 "-" "Mozilla/5.0 (compatible; bingbot/2.0; +http://www.bing.com/bingbot.htm)" "-"
77.77.74.169 - - [23/Jan/2019:00:00:04 +0330] "GET /image/65247/productModel/100x100 HTTP/1.1" 200 2322 "https://www.zanbil.ir/browse/laptop/%D9%84%D9%BE-%D8%AA%D8%A7%D9%BE" "Mozilla/5.0 (Windows NT 6.3; Win64; x64; rv:64.0) Gecko/20100101 Firefox/64.0" "-"
77.77.74.169 - - [23/Jan/2019:00:00:05 +0330] "GET /image/65248/productModel/100x100 HTTP/1.1" 200 2375 "https://www.zanbil.ir/browse/laptop/%D9%84%D9%BE-%D8%AA%D8%A7%D9%BE" "Mozilla/5.0 (Windows NT 6.3; Win64; x64; rv:64.0) Gecko/20100101 Firefox/64.0" "-"
77.77.74.169 - - [23/Jan/2019:00:00:05 +0330] "GET /image/65260/productModel/100x100 HTTP/1.1" 200 2508 "https://www.zanbil.ir/browse/laptop/%D9%84%D9%BE-%D8%AA%D8%A7%D9%BE" "Mozilla/5.0 (Windows NT 6.3; Win64; x64; rv:64.0) Gecko/20100101 Firefox/64.0" "-"
77.77.74.169 - - [23/Jan/2019:00:00:05 +0330] "GET /image/65257/productModel/100x100 HTTP/1.1" 200 2497 "https://www.zanbil.ir/browse/laptop/%D9%84%D9%BE-%D8%AA%D8%A7%D9%BE" "Mozilla/5.0 (Windows NT 6.3; Win64; x64; rv:64.0) Gecko/20100101 Firefox/64.0" "-"
77.77.74.169 - - [23/Jan/2019:00:00:05 +0330] "GET /image/65256/productModel/100x100 HTTP/1.1" 200 2264 "https://www.zanbil.ir/browse/laptop/%D9%84%D9%BE-%D8%AA%D8%A7%D9%BE" "Mozilla/5.0 (Windows NT 6.3; Win64; x64; rv:64.0) Gecko/20100101 Firefox/64.0" "-"
77.77.74.169 - - [23/Jan/2019:00:00:05 +0330] "GET /image/65258/productModel/100x100 HTTP/1.1" 200 2482 "https://www.zanbil.ir/browse/laptop/%D9%84%D9%BE-%D8%AA%D8%A7%D9%BE" "Mozilla/5.0 (Windows NT 6.3; Win64; x64; rv:64.0) Gecko/20100101 Firefox/64.0" "-"
77.77.74.169 - - [23/Jan/2019:00:00:05 +0330] "GET /image/65262/productModel/100x100 HTTP/1.1" 200 2478 "https://www.zanbil.ir/browse/laptop/%D9%84%D9%BE-%D8%AA%D8%A7%D9%BE" "Mozilla/5.0 (Windows NT 6.3; Win64; x64; rv:64.0) Gecko/20100101 Firefox/64.0" "-"
66.249.66.194 - - [23/Jan/2019:00:00:05 +0330] "GET /m/filter/b99,p5 HTTP/1.1" 200 18671 "-" "Mozilla/5.0 (Linux; Android 6.0.1; Nexus 5X Build/MMB29P) AppleWebKit/537.36 (KHTML, like Gecko) Chrome/41.0.2272.96 Mobile Safari/537.36 (compatible; Googlebot/2.1; +http://www.google.com/bot.html)" "-"
77.77.74.169 - - [23/Jan/2019:00:00:05 +0330] "GET /settings/logo HTTP/1.1" 200 4120 "https://www.zanbil.ir/browse/laptop/%D9%84%D9%BE-%D8%AA%D8%A7%D9%BE" "Mozilla/5.0 (Windows NT 6.3; Win64; x64; rv:64.0) Gecko/20100101 Firefox/64.0" "-"
77.77.74.169 - - [23/Jan/2019:00:00:05 +0330] "GET /image/65263/productModel/100x100 HTTP/1.1" 200 2334 "https://www.zanbil.ir/browse/laptop/%D9%84%D9%BE-%D8%AA%D8%A7%D9%BE" "Mozilla/5.0 (Windows NT 6.3; Win64; x64; rv:64.0) Gecko/20100101 Firefox/64.0" "-"
77.77.74.169 - - [23/Jan/2019:00:00:05 +0330] "GET /image/65266/productModel/100x100 HTTP/1.1" 200 2151 "https://www.zanbil.ir/browse/laptop/%D9%84%D9%BE-%D8%AA%D8%A7%D9%BE" "Mozilla/5.0 (Windows NT 6.3; Win64; x64; rv:64.0) Gecko/20100101 Firefox/64.0" "-"
77.77.74.169 - - [23/Jan/2019:00:00:05 +0330] "GET /image/1159/article/100x100 HTTP/1.1" 200 15471 "https://www.zanbil.ir/browse/laptop/%D9%84%D9%BE-%D8%AA%D8%A7%D9%BE" "Mozilla/5.0 (Windows NT 6.3; Win64; x64; rv:64.0) Gecko/20100101 Firefox/64.0" "-"
77.77.74.169 - - [23/Jan/2019:00:00:05 +0330] "GET /static/images/search-category-arrow.png HTTP/1.1" 200 217 "https://znbl.ir/static/bundle-bundle_site_head.css" "Mozilla/5.0 (Windows NT 6.3; Win64; x64; rv:64.0) Gecko/20100101 Firefox/64.0" "-"
77.77.74.169 - - [23/Jan/2019:00:00:05 +0330] "GET /image/1127/article/100x100 HTTP/1.1" 200 12947 "https://www.zanbil.ir/browse/laptop/%D9%84%D9%BE-%D8%AA%D8%A7%D9%BE" "Mozilla/5.0 (Windows NT 6.3; Win64; x64; rv:64.0) Gecko/20100101 Firefox/64.0" "-"
77.77.74.169 - - [23/Jan/2019:00:00:05 +0330] "GET /image/1102/article/100x100 HTTP/1.1" 200 9822 "https://www.zanbil.ir/browse/laptop/%D9%84%D9%BE-%D8%AA%D8%A7%D9%BE" "Mozilla/5.0 (Windows NT 6.3; Win64; x64; rv:64.0) Gecko/20100101 Firefox/64.0" "-"
5.237.204.160 - - [23/Jan/2019:00:00:05 +0330] "GET /image/61082/productModel/200x200 HTTP/1.1" 200 3123 "https://www.zanbil.ir/m/filter/p3%2Cb1" "Mozilla/5.0 (Linux; Android 7.0; G3112) AppleWebKit/537.36 (KHTML, like Gecko) Chrome/71.0.3578.99 Mobile Safari/537.36" "-"
77.77.74.169 - - [23/Jan/2019:00:00:05 +0330] "GET /static/images/not-checked.png HTTP/1.1" 200 713 "https://znbl.ir/static/bundle-bundle_site_head.css" "Mozilla/5.0 (Windows NT 6.3; Win64; x64; rv:64.0) Gecko/20100101 Firefox/64.0" "-"
77.77.74.169 - - [23/Jan/2019:00:00:05 +0330] "GET /static/images/filter-arrow-down.png HTTP/1.1" 200 1205 "https://znbl.ir/static/bundle-bundle_site_head.css" "Mozilla/5.0 (Windows NT 6.3; Win64; x64; rv:64.0) Gecko/20100101 Firefox/64.0" "-"
5.237.204.160 - - [23/Jan/2019:00:00:05 +0330] "GET /image/57605/productModel/200x200 HTTP/1.1" 200 3422 "https://www.zanbil.ir/m/filter/p3%2Cb1" "Mozilla/5.0 (Linux; Android 7.0; G3112) AppleWebKit/537.36 (KHTML, like Gecko) Chrome/71.0.3578.99 Mobile Safari/537.36" "-"
31.7.112.215 - - [23/Jan/2019:00:00:05 +0330] "GET /static/images/guarantees/fastDelivery.png HTTP/1.1" 200 7713 "https://www.zanbil.ir/m/article/618/%D8%AE%D9%88%D8%A7%D8%A8-%D8%B1%D9%81%D8%AA%D9%86%D8%8C%DA%AF%D8%B2%DA%AF%D8%B2%D8%8C%D8%B3%D9%88%D8%B2%D8%B4-%D9%88-%D8%A8%DB%8C-%D8%AD%D8%B3%DB%8C-%D9%BE%D8%A7%3A-%D8%B9%D9%84%D8%AA-%D9%88-%D8%AF%D8%B1%D9%85%D8%A7%D9%86-" "Mozilla/5.0 (Linux; Android 7.1.1; SM-J510F) AppleWebKit/537.36 (KHTML, like Gecko) Chrome/70.0.3538.80 Mobile Safari/537.36" "-"
162.223.91.55 - - [23/Jan/2019:00:00:05 +0330] "GET /m/browse/luxury-pen/%D8%AE%D9%88%D8%AF%DA%A9%D8%A7%D8%B1 HTTP/1.1" 200 18125 "https://www-zanbil-ir.cdn.ampproject.org/v/s/www.zanbil.ir/m/browse/pens-and-pencell/%D9%82%D9%84%D9%85?amp_js_v=a2&amp_gsa=1&usqp=mq331AQCCAE%3D" "Mozilla/5.0 (Linux; Android 8.0.0; SM-G570F) AppleWebKit/537.36 (KHTML, like Gecko) Chrome/70.0.3538.80 Mobile Safari/537.36" "-"
66.249.66.194 - - [23/Jan/2019:00:00:05 +0330] "GET /m/filter/b878,p10 HTTP/1.1" 200 18373 "-" "Mozilla/5.0 (Linux; Android 6.0.1; Nexus 5X Build/MMB29P) AppleWebKit/537.36 (KHTML, like Gecko) Chrome/41.0.2272.96 Mobile Safari/537.36 (compatible; Googlebot/2.1; +http://www.google.com/bot.html)" "-"
31.7.112.215 - - [23/Jan/2019:00:00:05 +0330] "GET /static/images/guarantees/support.png HTTP/1.1" 200 6454 "https://www.zanbil.ir/m/article/618/%D8%AE%D9%88%D8%A7%D8%A8-%D8%B1%D9%81%D8%AA%D9%86%D8%8C%DA%AF%D8%B2%DA%AF%D8%B2%D8%8C%D8%B3%D9%88%D8%B2%D8%B4-%D9%88-%D8%A8%DB%8C-%D8%AD%D8%B3%DB%8C-%D9%BE%D8%A7%3A-%D8%B9%D9%84%D8%AA-%D9%88-%D8%AF%D8%B1%D9%85%D8%A7%D9%86-" "Mozilla/5.0 (Linux; Android 7.1.1; SM-J510F) AppleWebKit/537.36 (KHTML, like Gecko) Chrome/70.0.3538.80 Mobile Safari/537.36" "-"
31.7.112.215 - - [23/Jan/2019:00:00:05 +0330] "GET /static/images/guarantees/bestPrice.png HTTP/1.1" 200 7356 "https://www.zanbil.ir/m/article/618/%D8%AE%D9%88%D8%A7%D8%A8-%D8%B1%D9%81%D8%AA%D9%86%D8%8C%DA%AF%D8%B2%DA%AF%D8%B2%D8%8C%D8%B3%D9%88%D8%B2%D8%B4-%D9%88-%D8%A8%DB%8C-%D8%AD%D8%B3%DB%8C-%D9%BE%D8%A7%3A-%D8%B9%D9%84%D8%AA-%D9%88-%D8%AF%D8%B1%D9%85%D8%A7%D9%86-" "Mozilla/5.0 (Linux; Android 7.1.1; SM-J510F) AppleWebKit/537.36 (KHTML, like Gecko) Chrome/70.0.3538.80 Mobile Safari/537.36" "-"
66.249.66.194 - - [23/Jan/2019:00:00:05 +0330] "GET /m/filter/b2,p5 HTTP/1.1" 200 18761 "-" "Mozilla/5.0 (Linux; Android 6.0.1; Nexus 5X Build/MMB29P) AppleWebKit/537.36 (KHTML, like Gecko) Chrome/41.0.2272.96 Mobile Safari/537.36 (compatible; Googlebot/2.1; +http://www.google.com/bot.html)" "-"
2.178.104.101 - - [23/Jan/2019:00:00:05 +0330] "GET /image/33719?name=des-2700gw-11.jpg&wh=200x200 HTTP/1.1" 200 3274 "https://torob.com/p/009ad29d-2bd9-4efd-b461-e0022c78d272/%DB%8C%D8%AE%DA%86%D8%A7%D9%84-%D9%88-%D9%81%D8%B1%DB%8C%D8%B2%D8%B1-%D8%A8%D9%88%D8%B4-%D9%85%D8%AF%D9%84-kag-90ai20-n/" "Mozilla/5.0 (Linux; Android 4.4.2; GT-N5100) AppleWebKit/537.36 (KHTML, like Gecko) Chrome/71.0.3578.99 Safari/537.36" "-"
54.36.148.143 - - [23/Jan/2019:00:00:05 +0330] "GET /filter/b2,b43,b535,p5935 HTTP/1.1" 200 33536 "-" "Mozilla/5.0 (compatible; AhrefsBot/6.1; +http://ahrefs.com/robot/)" "-"
77.77.74.169 - - [23/Jan/2019:00:00:05 +0330] "GET /static/images/jslider.red.png HTTP/1.1" 200 1777 "https://znbl.ir/static/bundle-bundle_site_head.css" "Mozilla/5.0 (Windows NT 6.3; Win64; x64; rv:64.0) Gecko/20100101 Firefox/64.0" "-"
31.7.112.215 - - [23/Jan/2019:00:00:05 +0330] "GET /amp-helper-frame.html?appId=a624a1c1-0c93-466a-a546-e146710f97e6&parentOrigin=https://www.zanbil.ir HTTP/1.1" 200 133 "https://www.zanbil.ir/m/article/618/%D8%AE%D9%88%D8%A7%D8%A8-%D8%B1%D9%81%D8%AA%D9%86%D8%8C%DA%AF%D8%B2%DA%AF%D8%B2%D8%8C%D8%B3%D9%88%D8%B2%D8%B4-%D9%88-%D8%A8%DB%8C-%D8%AD%D8%B3%DB%8C-%D9%BE%D8%A7%3A-%D8%B9%D9%84%D8%AA-%D9%88-%D8%AF%D8%B1%D9%85%D8%A7%D9%86-" "Mozilla/5.0 (Linux; Android 7.1.1; SM-J510F) AppleWebKit/537.36 (KHTML, like Gecko) Chrome/70.0.3538.80 Mobile Safari/537.36" "-"
31.7.112.215 - - [23/Jan/2019:00:00:05 +0330] "GET /static/images/guarantees/warranty.png HTTP/1.1" 200 5807 "https://www.zanbil.ir/m/article/618/%D8%AE%D9%88%D8%A7%D8%A8-%D8%B1%D9%81%D8%AA%D9%86%D8%8C%DA%AF%D8%B2%DA%AF%D8%B2%D8%8C%D8%B3%D9%88%D8%B2%D8%B4-%D9%88-%D8%A8%DB%8C-%D8%AD%D8%B3%DB%8C-%D9%BE%D8%A7%3A-%D8%B9%D9%84%D8%AA-%D9%88-%D8%AF%D8%B1%D9%85%D8%A7%D9%86-" "Mozilla/5.0 (Linux; Android 7.1.1; SM-J510F) AppleWebKit/537.36 (KHTML, like Gecko) Chrome/70.0.3538.80 Mobile Safari/537.36" "-"
31.7.112.215 - - [23/Jan/2019:00:00:05 +0330] "GET /static/images/guarantees/goodShopping.png HTTP/1.1" 200 6496 "https://www.zanbil.ir/m/article/618/%D8%AE%D9%88%D8%A7%D8%A8-%D8%B1%D9%81%D8%AA%D9%86%D8%8C%DA%AF%D8%B2%DA%AF%D8%B2%D8%8C%D8%B3%D9%88%D8%B2%D8%B4-%D9%88-%D8%A8%DB%8C-%D8%AD%D8%B3%DB%8C-%D9%BE%D8%A7%3A-%D8%B9%D9%84%D8%AA-%D9%88-%D8%AF%D8%B1%D9%85%D8%A7%D9%86-" "Mozilla/5.0 (Linux; Android 7.1.1; SM-J510F) AppleWebKit/537.36 (KHTML, like Gecko) Chrome/70.0.3538.80 Mobile Safari/537.36" "-"
31.7.112.215 - - [23/Jan/2019:00:00:05 +0330] "GET /settings/logo HTTP/1.1" 200 4120 "https://www.zanbil.ir/m/article/618/%D8%AE%D9%88%D8%A7%D8%A8-%D8%B1%D9%81%D8%AA%D9%86%D8%8C%DA%AF%D8%B2%DA%AF%D8%B2%D8%8C%D8%B3%D9%88%D8%B2%D8%B4-%D9%88-%D8%A8%DB%8C-%D8%AD%D8%B3%DB%8C-%D9%BE%D8%A7%3A-%D8%B9%D9%84%D8%AA-%D9%88-%D8%AF%D8%B1%D9%85%D8%A7%D9%86-" "Mozilla/5.0 (Linux; Android 7.1.1; SM-J510F) AppleWebKit/537.36 (KHTML, like Gecko) Chrome/70.0.3538.80 Mobile Safari/537.36" "-"
91.99.72.15 - - [23/Jan/2019:00:00:05 +0330] "GET /product/32623/63058/%DA%AF%D9%88%D8%B4%DB%8C-%D8%AA%D9%84%D9%81%D9%86-%D8%A8%DB%8C-%D8%B3%DB%8C%D9%85-%DA%AF%DB%8C%DA%AF%D8%A7%D8%B3%D8%AA-%D9%85%D8%AF%D9%84-A510 HTTP/1.1" 200 42175 "-" "Mozilla/5.0 (Windows NT 6.1; WOW64) AppleWebKit/535.7(KHTML, like Gecko) Chrome/16.0.912.36 Safari/535.7" "-"
37.137.26.85 - - [23/Jan/2019:00:00:05 +0330] "GET /image/29533?name=bonel44-1.jpg&wh=200x200 HTTP/1.1" 200 2497 "-" "Dalvik/1.6.0 (Linux; U; Android 4.3; MediaPad 7 Youth 2 Build/HuaweiMediaPad)" "-"
31.7.112.215 - - [23/Jan/2019:00:00:05 +0330] "GET /image/get?path=/Image/wlh26ayb.jpg HTTP/1.1" 200 40740 "https://www.zanbil.ir/m/article/618/%D8%AE%D9%88%D8%A7%D8%A8-%D8%B1%D9%81%D8%AA%D9%86%D8%8C%DA%AF%D8%B2%DA%AF%D8%B2%D8%8C%D8%B3%D9%88%D8%B2%D8%B4-%D9%88-%D8%A8%DB%8C-%D8%AD%D8%B3%DB%8C-%D9%BE%D8%A7%3A-%D8%B9%D9%84%D8%AA-%D9%88-%D8%AF%D8%B1%D9%85%D8%A7%D9%86-" "Mozilla/5.0 (Linux; Android 7.1.1; SM-J510F) AppleWebKit/537.36 (KHTML, like Gecko) Chrome/70.0.3538.80 Mobile Safari/537.36" "-"
31.58.204.160 - - [23/Jan/2019:00:00:05 +0330] "GET /static/images/filter-loading.gif HTTP/1.1" 200 8468 "https://znbl.ir/static/bundle-bundle_site_head.css" "Mozilla/5.0 (Windows NT 10.0; Win64; x64) AppleWebKit/537.36 (KHTML, like Gecko) Chrome/69.0.3497.100 Safari/537.36" "-"
5.237.204.160 - - [23/Jan/2019:00:00:05 +0330] "GET /image/58848/productModel/200x200 HTTP/1.1" 200 4099 "https://www.zanbil.ir/m/filter/p3%2Cb1" "Mozilla/5.0 (Linux; Android 7.0; G3112) AppleWebKit/537.36 (KHTML, like Gecko) Chrome/71.0.3578.99 Mobile Safari/537.36" "-"
5.237.204.160 - - [23/Jan/2019:00:00:05 +0330] "GET /image/11573/productModel/200x200 HTTP/1.1" 200 3514 "https://www.zanbil.ir/m/filter/p3%2Cb1" "Mozilla/5.0 (Linux; Android 7.0; G3112) AppleWebKit/537.36 (KHTML, like Gecko) Chrome/71.0.3578.99 Mobile Safari/537.36" "-"
83.122.26.129 - - [23/Jan/2019:00:00:06 +0330] "GET /image/54308/productModel/150x150 HTTP/1.1" 200 3810 "https://www.zanbil.ir/m/product/29334/58731/%D9%85%D8%A7%D8%B4%DB%8C%D9%86-%D9%84%D8%A8%D8%A7%D8%B3%D8%B4%D9%88%DB%8C%DB%8C-%D8%AF%D8%B1%D8%A8-%D8%A7%D8%B2-%D8%AC%D9%84%D9%88-%D8%B3%D8%A7%D9%85%D8%B3%D9%88%D9%86%DA%AF-%D9%85%D8%AF%D9%84-J1241W" "Mozilla/5.0 (Linux; Android 8.0.0; SAMSUNG SM-A750F Build/R16NW) AppleWebKit/537.36 (KHTML, like Gecko) SamsungBrowser/8.2 Chrome/63.0.3239.111 Mobile Safari/537.36" "-"
31.7.112.215 - - [23/Jan/2019:00:00:06 +0330] "GET /favicon.ico HTTP/1.1" 200 0 "https://www.zanbil.ir/m/article/618/%D8%AE%D9%88%D8%A7%D8%A8-%D8%B1%D9%81%D8%AA%D9%86%D8%8C%DA%AF%D8%B2%DA%AF%D8%B2%D8%8C%D8%B3%D9%88%D8%B2%D8%B4-%D9%88-%D8%A8%DB%8C-%D8%AD%D8%B3%DB%8C-%D9%BE%D8%A7%3A-%D8%B9%D9%84%D8%AA-%D9%88-%D8%AF%D8%B1%D9%85%D8%A7%D9%86-" "Mozilla/5.0 (Linux; Android 7.1.1; SM-J510F) AppleWebKit/537.36 (KHTML, like Gecko) Chrome/70.0.3538.80 Mobile Safari/537.36" "-"
37.137.26.85 - - [23/Jan/2019:00:00:06 +0330] "GET /image/29543?name=bonel55-11.jpg&wh=200x200 HTTP/1.1" 200 2487 "-" "Dalvik/1.6.0 (Linux; U; Android 4.3; MediaPad 7 Youth 2 Build/HuaweiMediaPad)" "-"
2.178.104.101 - - [23/Jan/2019:00:00:06 +0330] "GET /image/33889?name=3033ss.-22.jpg&wh=200x200 HTTP/1.1" 200 3331 "https://torob.com/p/009ad29d-2bd9-4efd-b461-e0022c78d272/%DB%8C%D8%AE%DA%86%D8%A7%D9%84-%D9%88-%D9%81%D8%B1%DB%8C%D8%B2%D8%B1-%D8%A8%D9%88%D8%B4-%D9%85%D8%AF%D9%84-kag-90ai20-n/" "Mozilla/5.0 (Linux; Android 4.4.2; GT-N5100) AppleWebKit/537.36 (KHTML, like Gecko) Chrome/71.0.3578.99 Safari/537.36" "-"
37.137.26.85 - - [23/Jan/2019:00:00:06 +0330] "GET /image/29585?name=%D8%A7%D9%881.jpg&wh=200x200 HTTP/1.1" 200 2787 "-" "Dalvik/1.6.0 (Linux; U; Android 4.3; MediaPad 7 Youth 2 Build/HuaweiMediaPad)" "-"
31.58.167.119 - - [23/Jan/2019:00:00:06 +0330] "GET /image/34296?name=lenovo-ideapad-520s-i7-1.jpg&wh=200x200 HTTP/1.1" 200 7064 "-" "Dalvik/2.1.0 (Linux; U; Android 7.1.2; Redmi 4X MIUI/V10.1.1.0.NAMMIFI)" "-"
66.249.66.194 - - [23/Jan/2019:00:00:07 +0330] "GET /filter/p13356%2Cb691%2Cb523%2Cp21523 HTTP/1.1" 200 32410 "-" "Mozilla/5.0 (compatible; Googlebot/2.1; +http://www.google.com/bot.html)" "-"
46.154.5.80 - - [23/Jan/2019:00:00:07 +0330] "GET /m/product/31395/%D9%84%D9%BE-%D8%AA%D8%A7%D9%BE-DELL-%D9%85%D8%AF%D9%84-Dell-Inspiron-5567 HTTP/1.1" 200 21042 "-" "Mozilla/5.0 (iPhone; CPU iPhone OS 12_1_2 like Mac OS X) AppleWebKit/605.1.15 (KHTML, like Gecko) Version/12.0 Mobile/15E148 Safari/604.1" "-"
178.131.166.166 - - [23/Jan/2019:00:00:07 +0330] "POST /comparison/add?__amp_source_origin=https%3A%2F%2Fwww.zanbil.ir HTTP/1.1" 200 51 "https://www.zanbil.ir/m/product/31876/62083/%D8%B3%D8%B1%D8%AE-%DA%A9%D9%86-%D8%AF%D9%84%D9%88%D9%86%DA%AF%DB%8C-%D9%85%D8%AF%D9%84-FH-1100-%28Basic%29" "Mozilla/5.0 (iPhone; CPU iPhone OS 7_1_2 like Mac OS X) AppleWebKit/537.51.2 (KHTML, like Gecko) Version/7.0 Mobile/11D257 Safari/9537.53" "-"
192.15.11.225 - - [23/Jan/2019:00:00:07 +0330] "GET /m/filter/b36%2Cp3?page=1 HTTP/1.1" 200 19125 "https://www-zanbil-ir.cdn.ampproject.org/v/s/www.zanbil.ir/m/filter/b36,p3?usqp=mq331AQECAEoAQ%3D%3D&amp_js_v=0.1" "Mozilla/5.0 (Linux; Android 6.0; CAM-L21 Build/HUAWEICAM-L21) AppleWebKit/537.36 (KHTML, like Gecko) Chrome/54.0.2840.85 Mobile Safari/537.36" "-"
